FAILED: backend/backtest\data_splitter.py
  File "backend/backtest\data_splitter.py", line 273
    logger.info(f"Grid search completed. Best params: {results.get('best_params', {}}")
                                                                                    ^
SyntaxError: closing parenthesis '}' does not match opening parenthesis '('

FAILED: backend/backtest\market_simulator.py
  File "backend/backtest\market_simulator.py", line 462
    rows.append({
                ^
SyntaxError: invalid syntax. Perhaps you forgot a comma?

FAILED: backend/backtest\validation_framework.py
  File "backend/backtest\validation_framework.py", line 296
    config.update({"symbol": symbol, "timeframe": timeframe}
                 ^
SyntaxError: '(' was never closed

FAILED: backend/backtest\validation_pipeline.py
  File "backend/backtest\validation_pipeline.py", line 488
    }
    ^
SyntaxError: closing parenthesis '}' does not match opening parenthesis '(' on line 484

FAILED: backend\WEBSOCKET_BACKOFF_EXAMPLES.py
  File "backend\WEBSOCKET_BACKOFF_EXAMPLES.py", line 48
    ```python
    ^
SyntaxError: invalid syntax

Finished.
